
File: build/shared_ordinal_alias.dll
Format: COFF-i386
Arch: i386
AddressSize: 32bit
ImageFileHeader {
  Machine: IMAGE_FILE_MACHINE_I386 (0x14C)
  SectionCount: 3
  TimeDateStamp: 1970-01-01 00:00:00 (0x0)
  PointerToSymbolTable: 0x0
  SymbolCount: 0
  StringTableSize: 0
  OptionalHeaderSize: 224
  Characteristics [ (0x2102)
    IMAGE_FILE_32BIT_MACHINE (0x100)
    IMAGE_FILE_DLL (0x2000)
    IMAGE_FILE_EXECUTABLE_IMAGE (0x2)
  ]
}
ImageOptionalHeader {
  Magic: 0x10B
  MajorLinkerVersion: 14
  MinorLinkerVersion: 0
  SizeOfCode: 512
  SizeOfInitializedData: 1024
  SizeOfUninitializedData: 0
  AddressOfEntryPoint: 0x0
  BaseOfCode: 0x1000
  BaseOfData: 0x0
  ImageBase: 0x10000000
  SectionAlignment: 4096
  FileAlignment: 512
  MajorOperatingSystemVersion: 6
  MinorOperatingSystemVersion: 0
  MajorImageVersion: 0
  MinorImageVersion: 0
  MajorSubsystemVersion: 6
  MinorSubsystemVersion: 0
  SizeOfImage: 16384
  SizeOfHeaders: 1024
  CheckSum: 0x0
  Subsystem: IMAGE_SUBSYSTEM_WINDOWS_GUI (0x2)
  Characteristics [ (0x540)
    IMAGE_DLL_CHARACTERISTICS_DYNAMIC_BASE (0x40)
    IMAGE_DLL_CHARACTERISTICS_NO_SEH (0x400)
    IMAGE_DLL_CHARACTERISTICS_NX_COMPAT (0x100)
  ]
  SizeOfStackReserve: 1048576
  SizeOfStackCommit: 4096
  SizeOfHeapReserve: 1048576
  SizeOfHeapCommit: 4096
  NumberOfRvaAndSize: 16
  DataDirectory {
    ExportTableRVA: 0x2000
    ExportTableSize: 0xD9
    ImportTableRVA: 0x0
    ImportTableSize: 0x0
    ResourceTableRVA: 0x0
    ResourceTableSize: 0x0
    ExceptionTableRVA: 0x0
    ExceptionTableSize: 0x0
    CertificateTableRVA: 0x0
    CertificateTableSize: 0x0
    BaseRelocationTableRVA: 0x0
    BaseRelocationTableSize: 0x0
    DebugRVA: 0x0
    DebugSize: 0x0
    ArchitectureRVA: 0x0
    ArchitectureSize: 0x0
    GlobalPtrRVA: 0x0
    GlobalPtrSize: 0x0
    TLSTableRVA: 0x0
    TLSTableSize: 0x0
    LoadConfigTableRVA: 0x0
    LoadConfigTableSize: 0x0
    BoundImportRVA: 0x0
    BoundImportSize: 0x0
    IATRVA: 0x0
    IATSize: 0x0
    DelayImportDescriptorRVA: 0x0
    DelayImportDescriptorSize: 0x0
    CLRRuntimeHeaderRVA: 0x0
    CLRRuntimeHeaderSize: 0x0
    ReservedRVA: 0x0
    ReservedSize: 0x0
  }
}
DOSHeader {
  Magic: MZ
  UsedBytesInTheLastPage: 120
  FileSizeInPages: 1
  NumberOfRelocationItems: 0
  HeaderSizeInParagraphs: 4
  MinimumExtraParagraphs: 0
  MaximumExtraParagraphs: 0
  InitialRelativeSS: 0
  InitialSP: 0
  Checksum: 0
  InitialIP: 0
  InitialRelativeCS: 0
  AddressOfRelocationTable: 64
  OverlayNumber: 0
  OEMid: 0
  OEMinfo: 0
  AddressOfNewExeHeader: 120
}
Sections [
  Section {
    Number: 1
    Name: .text (2E 74 65 78 74 00 00 00)
    VirtualSize: 0x26
    VirtualAddress: 0x1000
    RawDataSize: 512
    PointerToRawData: 0x400
    PointerToRelocations: 0x0
    PointerToLineNumbers: 0x0
    RelocationCount: 0
    LineNumberCount: 0
    Characteristics [ (0x60000020)
      IMAGE_SCN_CNT_CODE (0x20)
      IMAGE_SCN_MEM_EXECUTE (0x20000000)
      IMAGE_SCN_MEM_READ (0x40000000)
    ]
  }
  Section {
    Number: 2
    Name: .rdata (2E 72 64 61 74 61 00 00)
    VirtualSize: 0xD9
    VirtualAddress: 0x2000
    RawDataSize: 512
    PointerToRawData: 0x600
    PointerToRelocations: 0x0
    PointerToLineNumbers: 0x0
    RelocationCount: 0
    LineNumberCount: 0
    Characteristics [ (0x40000040)
      IMAGE_SCN_CNT_INITIALIZED_DATA (0x40)
      IMAGE_SCN_MEM_READ (0x40000000)
    ]
  }
  Section {
    Number: 3
    Name: .data (2E 64 61 74 61 00 00 00)
    VirtualSize: 0x4
    VirtualAddress: 0x3000
    RawDataSize: 512
    PointerToRawData: 0x800
    PointerToRelocations: 0x0
    PointerToLineNumbers: 0x0
    RelocationCount: 0
    LineNumberCount: 0
    Characteristics [ (0xC0000040)
      IMAGE_SCN_CNT_INITIALIZED_DATA (0x40)
      IMAGE_SCN_MEM_READ (0x40000000)
      IMAGE_SCN_MEM_WRITE (0x80000000)
    ]
  }
]
Export {
  Ordinal: 1
  Name: alias_alpha
  RVA: 0x1000
}
Export {
  Ordinal: 2
  Name: 
  RVA: 0x0
}
Export {
  Ordinal: 3
  Name: 
  RVA: 0x0
}
Export {
  Ordinal: 4
  Name: 
  RVA: 0x0
}
Export {
  Ordinal: 5
  Name: 
  RVA: 0x0
}
Export {
  Ordinal: 6
  Name: 
  RVA: 0x0
}
Export {
  Ordinal: 7
  Name: 
  RVA: 0x1020
}
Export {
  Ordinal: 8
  Name: 
  RVA: 0x0
}
Export {
  Ordinal: 9
  Name: exported_data
  RVA: 0x3000
}
Export {
  Ordinal: 10
  Name: 
  RVA: 0x0
}
Export {
  Ordinal: 11
  Name: 
  RVA: 0x0
}
Export {
  Ordinal: 12
  Name: beta
  RVA: 0x1010
}
Export {
  Ordinal: 13
  Name: forwarded
  ForwardedTo: _KERNEL32.GetCurrentProcessId
}
