occupancy-control: reserved PROT_NONE page 0x8000; page 0x9000 is free
python: ../../../sources/qemu/linux-user/i386/cpu_loop.c:453: void target_cpu_copy_regs(CPUArchState *, struct target_pt_regs *): Assertion `env->idt.base != -1' failed.
PLEASE submit a bug report to https://github.com/revng/revng and include the crash backtrace
Stack dump:
0.	Program arguments: 
 #0 0x00007ffff0e5ca2e llvm::sys::PrintStackTrace(llvm::raw_ostream&, int) (/revng/root/lib/..////////////////////////////////////////////////////////////////////////////////////lib64/llvm/llvm/lib/libLLVMSupport.so.16+0x202a2e)
 #1 0x00007ffff0e5ad94 llvm::sys::RunSignalHandlers() (/revng/root/lib/..////////////////////////////////////////////////////////////////////////////////////lib64/llvm/llvm/lib/libLLVMSupport.so.16+0x200d94)
 #2 0x00007ffff0e5cf9d (/revng/root/lib/..////////////////////////////////////////////////////////////////////////////////////lib64/llvm/llvm/lib/libLLVMSupport.so.16+0x202f9d)
 #3 0x00007ffffec15520 (/lib/x86_64-linux-gnu/libc.so.6+0x42520)
 #4 0x00007ffffec699bc pthread_kill (/lib/x86_64-linux-gnu/libc.so.6+0x969bc)
 #5 0x00007ffffec15476 gsignal (/lib/x86_64-linux-gnu/libc.so.6+0x42476)
 #6 0x00007ffffebfb7f3 abort (/lib/x86_64-linux-gnu/libc.so.6+0x287f3)
 #7 0x00007ffffebfb71b (/lib/x86_64-linux-gnu/libc.so.6+0x2871b)
 #8 0x00007ffffec0ce96 (/lib/x86_64-linux-gnu/libc.so.6+0x39e96)
 #9 0x00007fffedde7dc9 (/revng/root/lib/../lib/libtcg-i386.so+0xb4dc9)
#10 0x00007fffedea35d0 libtcg_context_create (/revng/root/lib/../lib/libtcg-i386.so+0x1705d0)
#11 0x00007ffff5feac6f LibTcg::get(model::Architecture::Values) /builds/gitlab/revng/orchestra/orchestra/sources/revng/lib/Lift/LibTcg.cpp:38:18
#12 0x00007ffff5feb598 revng::pypeline::piperuns::Lift::run() /builds/gitlab/revng/orchestra/orchestra/sources/revng/lib/Lift/Lift.cpp:0:20
#13 0x00007ffff89062ad std::__1::vector<std::__1::vector<ObjectID const*, std::__1::allocator<ObjectID const*>>, std::__1::allocator<std::__1::vector<ObjectID const*, std::__1::allocator<ObjectID const*>>>>::operator[][abi:v160001](unsigned long) const /builds/gitlab/revng/orchestra/orchestra/root/lib64/llvm/clang-release/bin/../include/c++/v1/vector:1470:18
#14 0x00007ffff89062ad ObjectDependenciesHelper::commitUniqueTarget(unsigned long) /builds/gitlab/revng/orchestra/orchestra/sources/revng/include/revng/PipeboxCommon/Helpers/PipeRunPipes/Helpers.h:68:5
#15 0x00007ffff89062ad revng::pypeline::PipeOutput SingleOutputPipe<revng::pypeline::piperuns::Lift>::run<revng::pypeline::BinariesContainer const, revng::pypeline::LLVMRootContainer>(Model const&, std::__1::vector<std::__1::vector<ObjectID const*, std::__1::allocator<ObjectID const*>>, std::__1::allocator<std::__1::vector<ObjectID const*, std::__1::allocator<ObjectID const*>>>> const&, std::__1::vector<std::__1::vector<ObjectID const*, std::__1::allocator<ObjectID const*>>, std::__1::allocator<std::__1::vector<ObjectID const*, std::__1::allocator<ObjectID const*>>>> const&, llvm::StringRef, revng::pypeline::BinariesContainer const&, revng::pypeline::LLVMRootContainer&) /builds/gitlab/revng/orchestra/orchestra/sources/revng/include/revng/PipeboxCommon/Helpers/PipeRunPipes/SingleOutputPipe.h:62:9
#16 0x00007ffff8904e24 nanobind::gil_scoped_release::~gil_scoped_release() /builds/gitlab/revng/orchestra/orchestra/root/include/nanobind/nb_misc.h:26:29
#17 0x00007ffff8904e24 revng::pypeline::PipeOutput revng::pypeline::helpers::python::runPipe<SingleOutputPipe<revng::pypeline::piperuns::Lift>>(SingleOutputPipe<revng::pypeline::piperuns::Lift>&, nanobind::object, nanobind::object, nanobind::list, std::__1::vector<std::__1::vector<ObjectID const*, std::__1::allocator<ObjectID const*>>, std::__1::allocator<std::__1::vector<ObjectID const*, std::__1::allocator<ObjectID const*>>>>, std::__1::vector<std::__1::vector<ObjectID const*, std::__1::allocator<ObjectID const*>>, std::__1::allocator<std::__1::vector<ObjectID const*, std::__1::allocator<ObjectID const*>>>>, llvm::StringRef) /builds/gitlab/revng/orchestra/orchestra/sources/revng/include/revng/PipeboxCommon/Helpers/Python/RunPipe.h:35:3
#18 0x00007ffff8905dad _object* nanobind::detail::func_create<false, true, revng::pypeline::PipeOutput (*&)(SingleOutputPipe<revng::pypeline::piperuns::Lift>&, nanobind::object, nanobind::object, nanobind::list, std::__1::vector<std::__1::vector<ObjectID const*, std::__1::allocator<ObjectID const*>>, std::__1::allocator<std::__1::vector<ObjectID const*, std::__1::allocator<ObjectID const*>>>>, std::__1::vector<std::__1::vector<ObjectID const*, std::__1::allocator<ObjectID const*>>, std::__1::allocator<std::__1::vector<ObjectID const*, std::__1::allocator<ObjectID const*>>>>, llvm::StringRef), revng::pypeline::PipeOutput, SingleOutputPipe<revng::pypeline::piperuns::Lift>&, nanobind::object, nanobind::object, nanobind::list, std::__1::vector<std::__1::vector<ObjectID const*, std::__1::allocator<ObjectID const*>>, std::__1::allocator<std::__1::vector<ObjectID const*, std::__1::allocator<ObjectID const*>>>>, std::__1::vector<std::__1::vector<ObjectID const*, std::__1::allocator<ObjectID const*>>, std::__1::allocator<std::__1::vector<ObjectID const*, std::__1::allocator<ObjectID const*>>>>, llvm::StringRef, 0ul, 1ul, 2ul, 3ul, 4ul, 5ul, 6ul, nanobind::scope, nanobind::name, nanobind::is_method, nanobind::arg, nanobind::arg, nanobind::arg, nanobind::arg, nanobind::arg, nanobind::arg>(revng::pypeline::PipeOutput (*&)(SingleOutputPipe<revng::pypeline::piperuns::Lift>&, nanobind::object, nanobind::object, nanobind::list, std::__1::vector<std::__1::vector<ObjectID const*, std::__1::allocator<ObjectID const*>>, std::__1::allocator<std::__1::vector<ObjectID const*, std::__1::allocator<ObjectID const*>>>>, std::__1::vector<std::__1::vector<ObjectID const*, std::__1::allocator<ObjectID const*>>, std::__1::allocator<std::__1::vector<ObjectID const*, std::__1::allocator<ObjectID const*>>>>, llvm::StringRef), revng::pypeline::PipeOutput (*)(SingleOutputPipe<revng::pypeline::piperuns::Lift>&, nanobind::object, nanobind::object, nanobind::list, std::__1::vector<std::__1::vector<ObjectID const*, std::__1::allocator<ObjectID const*>>, std::__1::allocator<std::__1::vector<ObjectID const*, std::__1::allocator<ObjectID const*>>>>, std::__1::vector<std::__1::vector<ObjectID const*, std::__1::allocator<ObjectID const*>>, std::__1::allocator<std::__1::vector<ObjectID const*, std::__1::allocator<ObjectID const*>>>>, llvm::StringRef), std::__1::integer_sequence<unsigned long, 0ul, 1ul, 2ul, 3ul, 4ul, 5ul, 6ul>, nanobind::scope const&, nanobind::name const&, nanobind::is_method const&, nanobind::arg const&, nanobind::arg const&, nanobind::arg const&, nanobind::arg const&, nanobind::arg const&, nanobind::arg const&)::'lambda'(void*, _object**, unsigned char*, nanobind::rv_policy, nanobind::detail::cleanup_list*)::operator()(void*, _object**, unsigned char*, nanobind::rv_policy, nanobind::detail::cleanup_list*) const /builds/gitlab/revng/orchestra/orchestra/root/include/nanobind/nb_func.h:288:22
#19 0x00007ffff8905dad _object* nanobind::detail::func_create<false, true, revng::pypeline::PipeOutput (*&)(SingleOutputPipe<revng::pypeline::piperuns::Lift>&, nanobind::object, nanobind::object, nanobind::list, std::__1::vector<std::__1::vector<ObjectID const*, std::__1::allocator<ObjectID const*>>, std::__1::allocator<std::__1::vector<ObjectID const*, std::__1::allocator<ObjectID const*>>>>, std::__1::vector<std::__1::vector<ObjectID const*, std::__1::allocator<ObjectID const*>>, std::__1::allocator<std::__1::vector<ObjectID const*, std::__1::allocator<ObjectID const*>>>>, llvm::StringRef), revng::pypeline::PipeOutput, SingleOutputPipe<revng::pypeline::piperuns::Lift>&, nanobind::object, nanobind::object, nanobind::list, std::__1::vector<std::__1::vector<ObjectID const*, std::__1::allocator<ObjectID const*>>, std::__1::allocator<std::__1::vector<ObjectID const*, std::__1::allocator<ObjectID const*>>>>, std::__1::vector<std::__1::vector<ObjectID const*, std::__1::allocator<ObjectID const*>>, std::__1::allocator<std::__1::vector<ObjectID const*, std::__1::allocator<ObjectID const*>>>>, llvm::StringRef, 0ul, 1ul, 2ul, 3ul, 4ul, 5ul, 6ul, nanobind::scope, nanobind::name, nanobind::is_method, nanobind::arg, nanobind::arg, nanobind::arg, nanobind::arg, nanobind::arg, nanobind::arg>(revng::pypeline::PipeOutput (*&)(SingleOutputPipe<revng::pypeline::piperuns::Lift>&, nanobind::object, nanobind::object, nanobind::list, std::__1::vector<std::__1::vector<ObjectID const*, std::__1::allocator<ObjectID const*>>, std::__1::allocator<std::__1::vector<ObjectID const*, std::__1::allocator<ObjectID const*>>>>, std::__1::vector<std::__1::vector<ObjectID const*, std::__1::allocator<ObjectID const*>>, std::__1::allocator<std::__1::vector<ObjectID const*, std::__1::allocator<ObjectID const*>>>>, llvm::StringRef), revng::pypeline::PipeOutput (*)(SingleOutputPipe<revng::pypeline::piperuns::Lift>&, nanobind::object, nanobind::object, nanobind::list, std::__1::vector<std::__1::vector<ObjectID const*, std::__1::allocator<ObjectID const*>>, std::__1::allocator<std::__1::vector<ObjectID const*, std::__1::allocator<ObjectID const*>>>>, std::__1::vector<std::__1::vector<ObjectID const*, std::__1::allocator<ObjectID const*>>, std::__1::allocator<std::__1::vector<ObjectID const*, std::__1::allocator<ObjectID const*>>>>, llvm::StringRef), std::__1::integer_sequence<unsigned long, 0ul, 1ul, 2ul, 3ul, 4ul, 5ul, 6ul>, nanobind::scope const&, nanobind::name const&, nanobind::is_method const&, nanobind::arg const&, nanobind::arg const&, nanobind::arg const&, nanobind::arg const&, nanobind::arg const&, nanobind::arg const&)::'lambda'(void*, _object**, unsigned char*, nanobind::rv_policy, nanobind::detail::cleanup_list*)::__invoke(void*, _object**, unsigned char*, nanobind::rv_policy, nanobind::detail::cleanup_list*) /builds/gitlab/revng/orchestra/orchestra/root/include/nanobind/nb_func.h:233:14
#20 0x00007ffff7e96d77 (/revng/root/lib/..////////////////////////////////////////////////////////////////////////////////////lib/libnanobind.so+0xcd77)
#21 0x00007fffff188451 PyObject_Vectorcall (/revng/root/bin/..////////////////////////////////////////////////////////////////////////////////////lib/libpython3.14.so.1.0+0x294451)
#22 0x00007fffff2d6af8 _PyEval_EvalFrameDefault (/revng/root/bin/..////////////////////////////////////////////////////////////////////////////////////lib/libpython3.14.so.1.0+0x3e2af8)
#23 0x00007fffff1a34e1 (/revng/root/bin/..////////////////////////////////////////////////////////////////////////////////////lib/libpython3.14.so.1.0+0x2af4e1)
#24 0x00007ffffcb15503 (/revng/root/lib/python3.14/lib-dynload/_asyncio.cpython-314-x86_64-linux-gnu.so+0xd503)
#25 0x00007ffffcb161f6 (/revng/root/lib/python3.14/lib-dynload/_asyncio.cpython-314-x86_64-linux-gnu.so+0xe1f6)
#26 0x00007fffff1882bc _PyObject_MakeTpCall (/revng/root/bin/..////////////////////////////////////////////////////////////////////////////////////lib/libpython3.14.so.1.0+0x2942bc)
#27 0x00007fffff2f331b (/revng/root/bin/..////////////////////////////////////////////////////////////////////////////////////lib/libpython3.14.so.1.0+0x3ff31b)
#28 0x00007fffff2cdd24 _PyEval_EvalFrameDefault (/revng/root/bin/..////////////////////////////////////////////////////////////////////////////////////lib/libpython3.14.so.1.0+0x3d9d24)
#29 0x00007fffff2c7e72 (/revng/root/bin/..////////////////////////////////////////////////////////////////////////////////////lib/libpython3.14.so.1.0+0x3d3e72)
#30 0x00007fffff18a101 (/revng/root/bin/..////////////////////////////////////////////////////////////////////////////////////lib/libpython3.14.so.1.0+0x296101)
#31 0x00007fffff189c53 PyObject_Call (/revng/root/bin/..////////////////////////////////////////////////////////////////////////////////////lib/libpython3.14.so.1.0+0x295c53)
#32 0x00007fffff2cdd24 _PyEval_EvalFrameDefault (/revng/root/bin/..////////////////////////////////////////////////////////////////////////////////////lib/libpython3.14.so.1.0+0x3d9d24)
#33 0x00007fffff2c7e72 (/revng/root/bin/..////////////////////////////////////////////////////////////////////////////////////lib/libpython3.14.so.1.0+0x3d3e72)
#34 0x00007fffff2be2e9 PyEval_EvalCode (/revng/root/bin/..////////////////////////////////////////////////////////////////////////////////////lib/libpython3.14.so.1.0+0x3ca2e9)
#35 0x00007fffff33c8e7 (/revng/root/bin/..////////////////////////////////////////////////////////////////////////////////////lib/libpython3.14.so.1.0+0x4488e7)
#36 0x00007fffff33c824 (/revng/root/bin/..////////////////////////////////////////////////////////////////////////////////////lib/libpython3.14.so.1.0+0x448824)
#37 0x00007fffff33c65c (/revng/root/bin/..////////////////////////////////////////////////////////////////////////////////////lib/libpython3.14.so.1.0+0x44865c)
#38 0x00007fffff33c483 (/revng/root/bin/..////////////////////////////////////////////////////////////////////////////////////lib/libpython3.14.so.1.0+0x448483)
#39 0x00007fffff366c80 Py_RunMain (/revng/root/bin/..////////////////////////////////////////////////////////////////////////////////////lib/libpython3.14.so.1.0+0x472c80)
#40 0x00007fffff366819 Py_BytesMain (/revng/root/bin/..////////////////////////////////////////////////////////////////////////////////////lib/libpython3.14.so.1.0+0x472819)
#41 0x00007ffffebfcd90 (/lib/x86_64-linux-gnu/libc.so.6+0x29d90)
#42 0x00007ffffebfce40 __libc_start_main (/lib/x86_64-linux-gnu/libc.so.6+0x29e40)
#43 0x0000555555555b29 _start (/revng/root/bin/python3.14+0x1b29)
