Abort at /builds/gitlab/revng/orchestra/orchestra/sources/revng/lib/InlineHelpers/PostInlineHelpersVerifyPass.cpp:28:

post-inline-helpers-verify: getelementptr in Isolated function local_0x4010e0_Code_x86
PLEASE submit a bug report to https://github.com/revng/revng and include the crash backtrace
Stack dump:
0.	Program arguments: 
1.	Running pass 'Delete Helper Bodies Pass' on module 'input'.
 #0 0x00007ffff0e60a2e llvm::sys::PrintStackTrace(llvm::raw_ostream&, int) (/revng/root/lib/..////////////////////////////////////////////////////////////////////////////////////lib64/llvm/llvm/lib/libLLVMSupport.so.16+0x202a2e)
 #1 0x00007ffff0e5ed94 llvm::sys::RunSignalHandlers() (/revng/root/lib/..////////////////////////////////////////////////////////////////////////////////////lib64/llvm/llvm/lib/libLLVMSupport.so.16+0x200d94)
 #2 0x00007ffff0e60f9d (/revng/root/lib/..////////////////////////////////////////////////////////////////////////////////////lib64/llvm/llvm/lib/libLLVMSupport.so.16+0x202f9d)
 #3 0x00007ffffec18520 (/lib/x86_64-linux-gnu/libc.so.6+0x42520)
 #4 0x00007ffffec6c9bc pthread_kill (/lib/x86_64-linux-gnu/libc.so.6+0x969bc)
 #5 0x00007ffffec18476 gsignal (/lib/x86_64-linux-gnu/libc.so.6+0x42476)
 #6 0x00007ffffebfe7f3 abort (/lib/x86_64-linux-gnu/libc.so.6+0x287f3)
 #7 0x00007ffff4522569 /builds/gitlab/revng/orchestra/orchestra/sources/revng/lib/Support/Assert.cpp:13:3
 #8 0x00007ffff45225c8 (/revng/root/lib/..////////////////////////////////////////////////////////////////////////////////////lib/librevngSupport.so+0x3b5c8)
 #9 0x00007ffff523d136 llvm::ilist_iterator<llvm::ilist_detail::node_options<llvm::Function, true, false, void>, false, false>::operator*() const /builds/gitlab/revng/orchestra/orchestra/root/lib64/llvm/llvm/include/llvm/ADT/ilist_iterator.h:138:5
#10 0x00007ffff523d136 PostInlineHelpersVerifyPass::runOnModule(llvm::Module&) /builds/gitlab/revng/orchestra/orchestra/sources/revng/lib/InlineHelpers/PostInlineHelpersVerifyPass.cpp:19:20
#11 0x00007ffff5239296 DeleteHelperBodiesPass::runOnModule(llvm::Module&) /builds/gitlab/revng/orchestra/orchestra/sources/revng/lib/InlineHelpers/DeleteHelperBodies.cpp:38:3
#12 0x00007ffff1314a52 llvm::legacy::PassManagerImpl::run(llvm::Module&) (/revng/root/lib/..////////////////////////////////////////////////////////////////////////////////////lib64/llvm/llvm/lib/libLLVMCore.so.16+0x3ffa52)
#13 0x00007ffff88c3b38 std::__1::__wrap_iter<ObjectID const* const*>::operator++[abi:v160001]() /builds/gitlab/revng/orchestra/orchestra/root/lib64/llvm/clang-release/bin/../include/c++/v1/__iterator/wrap_iter.h:101:9
#14 0x00007ffff88c3b38 revng::pypeline::pipes::PureLLVMPassesPipe::run(Model const&, std::__1::vector<std::__1::vector<ObjectID const*, std::__1::allocator<ObjectID const*>>, std::__1::allocator<std::__1::vector<ObjectID const*, std::__1::allocator<ObjectID const*>>>> const&, std::__1::vector<std::__1::vector<ObjectID const*, std::__1::allocator<ObjectID const*>>, std::__1::allocator<std::__1::vector<ObjectID const*, std::__1::allocator<ObjectID const*>>>> const&, llvm::StringRef, revng::pypeline::LLVMFunctionContainer&) /builds/gitlab/revng/orchestra/orchestra/sources/revng/include/revng/Pipebox/LLVMPipe.h:91:33
#15 0x00007ffff88c2dda nanobind::gil_scoped_release::~gil_scoped_release() /builds/gitlab/revng/orchestra/orchestra/root/include/nanobind/nb_misc.h:26:29
#16 0x00007ffff88c2dda revng::pypeline::PipeOutput revng::pypeline::helpers::python::runPipe<revng::pypeline::pipes::PureLLVMPassesPipe>(revng::pypeline::pipes::PureLLVMPassesPipe&, nanobind::object, nanobind::object, nanobind::list, std::__1::vector<std::__1::vector<ObjectID const*, std::__1::allocator<ObjectID const*>>, std::__1::allocator<std::__1::vector<ObjectID const*, std::__1::allocator<ObjectID const*>>>>, std::__1::vector<std::__1::vector<ObjectID const*, std::__1::allocator<ObjectID const*>>, std::__1::allocator<std::__1::vector<ObjectID const*, std::__1::allocator<ObjectID const*>>>>, llvm::StringRef) /builds/gitlab/revng/orchestra/orchestra/sources/revng/include/revng/PipeboxCommon/Helpers/Python/RunPipe.h:35:3
#17 0x00007ffff88c377d _object* nanobind::detail::func_create<false, true, revng::pypeline::PipeOutput (*&)(revng::pypeline::pipes::PureLLVMPassesPipe&, nanobind::object, nanobind::object, nanobind::list, std::__1::vector<std::__1::vector<ObjectID const*, std::__1::allocator<ObjectID const*>>, std::__1::allocator<std::__1::vector<ObjectID const*, std::__1::allocator<ObjectID const*>>>>, std::__1::vector<std::__1::vector<ObjectID const*, std::__1::allocator<ObjectID const*>>, std::__1::allocator<std::__1::vector<ObjectID const*, std::__1::allocator<ObjectID const*>>>>, llvm::StringRef), revng::pypeline::PipeOutput, revng::pypeline::pipes::PureLLVMPassesPipe&, nanobind::object, nanobind::object, nanobind::list, std::__1::vector<std::__1::vector<ObjectID const*, std::__1::allocator<ObjectID const*>>, std::__1::allocator<std::__1::vector<ObjectID const*, std::__1::allocator<ObjectID const*>>>>, std::__1::vector<std::__1::vector<ObjectID const*, std::__1::allocator<ObjectID const*>>, std::__1::allocator<std::__1::vector<ObjectID const*, std::__1::allocator<ObjectID const*>>>>, llvm::StringRef, 0ul, 1ul, 2ul, 3ul, 4ul, 5ul, 6ul, nanobind::scope, nanobind::name, nanobind::is_method, nanobind::arg, nanobind::arg, nanobind::arg, nanobind::arg, nanobind::arg, nanobind::arg>(revng::pypeline::PipeOutput (*&)(revng::pypeline::pipes::PureLLVMPassesPipe&, nanobind::object, nanobind::object, nanobind::list, std::__1::vector<std::__1::vector<ObjectID const*, std::__1::allocator<ObjectID const*>>, std::__1::allocator<std::__1::vector<ObjectID const*, std::__1::allocator<ObjectID const*>>>>, std::__1::vector<std::__1::vector<ObjectID const*, std::__1::allocator<ObjectID const*>>, std::__1::allocator<std::__1::vector<ObjectID const*, std::__1::allocator<ObjectID const*>>>>, llvm::StringRef), revng::pypeline::PipeOutput (*)(revng::pypeline::pipes::PureLLVMPassesPipe&, nanobind::object, nanobind::object, nanobind::list, std::__1::vector<std::__1::vector<ObjectID const*, std::__1::allocator<ObjectID const*>>, std::__1::allocator<std::__1::vector<ObjectID const*, std::__1::allocator<ObjectID const*>>>>, std::__1::vector<std::__1::vector<ObjectID const*, std::__1::allocator<ObjectID const*>>, std::__1::allocator<std::__1::vector<ObjectID const*, std::__1::allocator<ObjectID const*>>>>, llvm::StringRef), std::__1::integer_sequence<unsigned long, 0ul, 1ul, 2ul, 3ul, 4ul, 5ul, 6ul>, nanobind::scope const&, nanobind::name const&, nanobind::is_method const&, nanobind::arg const&, nanobind::arg const&, nanobind::arg const&, nanobind::arg const&, nanobind::arg const&, nanobind::arg const&)::'lambda'(void*, _object**, unsigned char*, nanobind::rv_policy, nanobind::detail::cleanup_list*)::operator()(void*, _object**, unsigned char*, nanobind::rv_policy, nanobind::detail::cleanup_list*) const /builds/gitlab/revng/orchestra/orchestra/root/include/nanobind/nb_func.h:288:22
#18 0x00007ffff88c377d _object* nanobind::detail::func_create<false, true, revng::pypeline::PipeOutput (*&)(revng::pypeline::pipes::PureLLVMPassesPipe&, nanobind::object, nanobind::object, nanobind::list, std::__1::vector<std::__1::vector<ObjectID const*, std::__1::allocator<ObjectID const*>>, std::__1::allocator<std::__1::vector<ObjectID const*, std::__1::allocator<ObjectID const*>>>>, std::__1::vector<std::__1::vector<ObjectID const*, std::__1::allocator<ObjectID const*>>, std::__1::allocator<std::__1::vector<ObjectID const*, std::__1::allocator<ObjectID const*>>>>, llvm::StringRef), revng::pypeline::PipeOutput, revng::pypeline::pipes::PureLLVMPassesPipe&, nanobind::object, nanobind::object, nanobind::list, std::__1::vector<std::__1::vector<ObjectID const*, std::__1::allocator<ObjectID const*>>, std::__1::allocator<std::__1::vector<ObjectID const*, std::__1::allocator<ObjectID const*>>>>, std::__1::vector<std::__1::vector<ObjectID const*, std::__1::allocator<ObjectID const*>>, std::__1::allocator<std::__1::vector<ObjectID const*, std::__1::allocator<ObjectID const*>>>>, llvm::StringRef, 0ul, 1ul, 2ul, 3ul, 4ul, 5ul, 6ul, nanobind::scope, nanobind::name, nanobind::is_method, nanobind::arg, nanobind::arg, nanobind::arg, nanobind::arg, nanobind::arg, nanobind::arg>(revng::pypeline::PipeOutput (*&)(revng::pypeline::pipes::PureLLVMPassesPipe&, nanobind::object, nanobind::object, nanobind::list, std::__1::vector<std::__1::vector<ObjectID const*, std::__1::allocator<ObjectID const*>>, std::__1::allocator<std::__1::vector<ObjectID const*, std::__1::allocator<ObjectID const*>>>>, std::__1::vector<std::__1::vector<ObjectID const*, std::__1::allocator<ObjectID const*>>, std::__1::allocator<std::__1::vector<ObjectID const*, std::__1::allocator<ObjectID const*>>>>, llvm::StringRef), revng::pypeline::PipeOutput (*)(revng::pypeline::pipes::PureLLVMPassesPipe&, nanobind::object, nanobind::object, nanobind::list, std::__1::vector<std::__1::vector<ObjectID const*, std::__1::allocator<ObjectID const*>>, std::__1::allocator<std::__1::vector<ObjectID const*, std::__1::allocator<ObjectID const*>>>>, std::__1::vector<std::__1::vector<ObjectID const*, std::__1::allocator<ObjectID const*>>, std::__1::allocator<std::__1::vector<ObjectID const*, std::__1::allocator<ObjectID const*>>>>, llvm::StringRef), std::__1::integer_sequence<unsigned long, 0ul, 1ul, 2ul, 3ul, 4ul, 5ul, 6ul>, nanobind::scope const&, nanobind::name const&, nanobind::is_method const&, nanobind::arg const&, nanobind::arg const&, nanobind::arg const&, nanobind::arg const&, nanobind::arg const&, nanobind::arg const&)::'lambda'(void*, _object**, unsigned char*, nanobind::rv_policy, nanobind::detail::cleanup_list*)::__invoke(void*, _object**, unsigned char*, nanobind::rv_policy, nanobind::detail::cleanup_list*) /builds/gitlab/revng/orchestra/orchestra/root/include/nanobind/nb_func.h:233:14
#19 0x00007ffff7e9ad77 (/revng/root/lib/..////////////////////////////////////////////////////////////////////////////////////lib/libnanobind.so+0xcd77)
#20 0x00007fffff18b451 PyObject_Vectorcall (/revng/root/bin/..////////////////////////////////////////////////////////////////////////////////////lib/libpython3.14.so.1.0+0x294451)
#21 0x00007fffff2d9af8 _PyEval_EvalFrameDefault (/revng/root/bin/..////////////////////////////////////////////////////////////////////////////////////lib/libpython3.14.so.1.0+0x3e2af8)
#22 0x00007fffff1a64e1 (/revng/root/bin/..////////////////////////////////////////////////////////////////////////////////////lib/libpython3.14.so.1.0+0x2af4e1)
#23 0x00007ffffcb19503 (/revng/root/lib/python3.14/lib-dynload/_asyncio.cpython-314-x86_64-linux-gnu.so+0xd503)
#24 0x00007ffffcb1a1f6 (/revng/root/lib/python3.14/lib-dynload/_asyncio.cpython-314-x86_64-linux-gnu.so+0xe1f6)
#25 0x00007fffff18b2bc _PyObject_MakeTpCall (/revng/root/bin/..////////////////////////////////////////////////////////////////////////////////////lib/libpython3.14.so.1.0+0x2942bc)
#26 0x00007fffff2f631b (/revng/root/bin/..////////////////////////////////////////////////////////////////////////////////////lib/libpython3.14.so.1.0+0x3ff31b)
#27 0x00007fffff2d0d24 _PyEval_EvalFrameDefault (/revng/root/bin/..////////////////////////////////////////////////////////////////////////////////////lib/libpython3.14.so.1.0+0x3d9d24)
#28 0x00007fffff2cae72 (/revng/root/bin/..////////////////////////////////////////////////////////////////////////////////////lib/libpython3.14.so.1.0+0x3d3e72)
#29 0x00007fffff18d101 (/revng/root/bin/..////////////////////////////////////////////////////////////////////////////////////lib/libpython3.14.so.1.0+0x296101)
#30 0x00007fffff18cc53 PyObject_Call (/revng/root/bin/..////////////////////////////////////////////////////////////////////////////////////lib/libpython3.14.so.1.0+0x295c53)
#31 0x00007fffff2d0d24 _PyEval_EvalFrameDefault (/revng/root/bin/..////////////////////////////////////////////////////////////////////////////////////lib/libpython3.14.so.1.0+0x3d9d24)
#32 0x00007fffff2cae72 (/revng/root/bin/..////////////////////////////////////////////////////////////////////////////////////lib/libpython3.14.so.1.0+0x3d3e72)
#33 0x00007fffff2c12e9 PyEval_EvalCode (/revng/root/bin/..////////////////////////////////////////////////////////////////////////////////////lib/libpython3.14.so.1.0+0x3ca2e9)
#34 0x00007fffff33f8e7 (/revng/root/bin/..////////////////////////////////////////////////////////////////////////////////////lib/libpython3.14.so.1.0+0x4488e7)
#35 0x00007fffff33f824 (/revng/root/bin/..////////////////////////////////////////////////////////////////////////////////////lib/libpython3.14.so.1.0+0x448824)
#36 0x00007fffff33f65c (/revng/root/bin/..////////////////////////////////////////////////////////////////////////////////////lib/libpython3.14.so.1.0+0x44865c)
#37 0x00007fffff33f483 (/revng/root/bin/..////////////////////////////////////////////////////////////////////////////////////lib/libpython3.14.so.1.0+0x448483)
#38 0x00007fffff369c80 Py_RunMain (/revng/root/bin/..////////////////////////////////////////////////////////////////////////////////////lib/libpython3.14.so.1.0+0x472c80)
#39 0x00007fffff369819 Py_BytesMain (/revng/root/bin/..////////////////////////////////////////////////////////////////////////////////////lib/libpython3.14.so.1.0+0x472819)
#40 0x00007ffffebffd90 (/lib/x86_64-linux-gnu/libc.so.6+0x29d90)
#41 0x00007ffffebffe40 __libc_start_main (/lib/x86_64-linux-gnu/libc.so.6+0x29e40)
#42 0x0000555555555b29 _start (/revng/root/bin/python3.14+0x1b29)
