
File: <PACKAGE>/runs/official-quick-20261006-public-cli/program.elf
Format: elf32-i386
Arch: i386
AddressSize: 32bit
LoadName: <Not found>
ElfHeader {
  Ident {
    Magic: (7F 45 4C 46)
    Class: 32-bit (0x1)
    DataEncoding: LittleEndian (0x1)
    FileVersion: 1
    OS/ABI: SystemV (0x0)
    ABIVersion: 0
    Unused: (00 00 00 00 00 00 00)
  }
  Type: Executable (0x2)
  Machine: EM_386 (0x3)
  Version: 1
  Entry: 0x4010F0
  ProgramHeaderOffset: 0x34
  SectionHeaderOffset: 0x564
  Flags [ (0x0)
  ]
  HeaderSize: 52
  ProgramHeaderEntrySize: 32
  ProgramHeaderCount: 5
  SectionHeaderEntrySize: 40
  SectionHeaderCount: 16
  StringTableSectionIndex: 14
}
ProgramHeaders [
  ProgramHeader {
    Type: PT_PHDR (0x6)
    Offset: 0x34
    VirtualAddress: 0x400034
    PhysicalAddress: 0x400034
    FileSize: 160
    MemSize: 160
    Flags [ (0x4)
      PF_R (0x4)
    ]
    Alignment: 4
  }
  ProgramHeader {
    Type: PT_LOAD (0x1)
    Offset: 0x0
    VirtualAddress: 0x400000
    PhysicalAddress: 0x400000
    FileSize: 212
    MemSize: 212
    Flags [ (0x4)
      PF_R (0x4)
    ]
    Alignment: 4096
  }
  ProgramHeader {
    Type: PT_LOAD (0x1)
    Offset: 0xE0
    VirtualAddress: 0x4010E0
    PhysicalAddress: 0x4010E0
    FileSize: 50
    MemSize: 50
    Flags [ (0x5)
      PF_R (0x4)
      PF_X (0x1)
    ]
    Alignment: 4096
  }
  ProgramHeader {
    Type: PT_LOAD (0x1)
    Offset: 0x114
    VirtualAddress: 0x402114
    PhysicalAddress: 0x402114
    FileSize: 16
    MemSize: 20
    Flags [ (0x6)
      PF_R (0x4)
      PF_W (0x2)
    ]
    Alignment: 4096
  }
  ProgramHeader {
    Type: PT_GNU_STACK (0x6474E551)
    Offset: 0x0
    VirtualAddress: 0x0
    PhysicalAddress: 0x0
    FileSize: 0
    MemSize: 0
    Flags [ (0x6)
      PF_R (0x4)
      PF_W (0x2)
    ]
    Alignment: 0
  }
]
